// Jest Snapshot v1, https://goo.gl/fbAQLP

exports[`should have the right checksum 1`] = `"f1af7219401c068adb570f7bd5095dab"`;
